
> flow-ai-website@0.0.0 build
> vite build

[36mvite v5.4.8 [32mbuilding for production...[36m[39m
transforming...
Browserslist: caniuse-lite is outdated. Please run:
  npx update-browserslist-db@latest
  Why you should do it regularly: https://github.com/browserslist/update-db#readme
[32m✓[39m 4 modules transformed.
[31mx[39m Build failed in 1.67s
[31merror during build:
[31m[vite]: Rollup failed to resolve import "react-helmet-async" from "C:/Users/achra/website Flow IA/flowIA/src/App.tsx".
This is most likely unintended because it can break your application at runtime.
If you do want to externalize this module explicitly add it to
`build.rollupOptions.external`[31m
    at viteWarn (file:///C:/Users/achra/website%20Flow%20IA/flowIA/node_modules/vite/dist/node/chunks/dep-CDnG8rE7.js:65532:17)
    at onwarn (file:///C:/Users/achra/website%20Flow%20IA/flowIA/node_modules/@vitejs/plugin-react/dist/index.mjs:273:9)
    at onRollupWarning (file:///C:/Users/achra/website%20Flow%20IA/flowIA/node_modules/vite/dist/node/chunks/dep-CDnG8rE7.js:65562:5)
    at onwarn (file:///C:/Users/achra/website%20Flow%20IA/flowIA/node_modules/vite/dist/node/chunks/dep-CDnG8rE7.js:65227:7)
    at file:///C:/Users/achra/website%20Flow%20IA/flowIA/node_modules/rollup/dist/es/shared/node-entry.js:19393:13
    at Object.logger [as onLog] (file:///C:/Users/achra/website%20Flow%20IA/flowIA/node_modules/rollup/dist/es/shared/node-entry.js:21119:9)
    at ModuleLoader.handleInvalidResolvedId (file:///C:/Users/achra/website%20Flow%20IA/flowIA/node_modules/rollup/dist/es/shared/node-entry.js:20008:26)
    at file:///C:/Users/achra/website%20Flow%20IA/flowIA/node_modules/rollup/dist/es/shared/node-entry.js:19966:26[39m
